  Determining projects to restore...
H:\hacker\AISC\src\AIScreenCapture.UI\AIScreenCapture.UI.csproj : warning NU1701: Package 'H.NotifyIcon.Wpf 2.4.1' was restored using '.NETFramework,Version=v4.6.1, .NETFramework,Version=v4.6.2, .NETFramework,Version=v4.7, .NETFramework,Version=v4.7.1, .NETFramework,Version=v4.7.2, .NETFramework,Version=v4.8, .NETFramework,Version=v4.8.1' instead of the project target framework 'net8.0-windows7.0'. This package may not be fully compatible with your project. [H:\hacker\AISC\src\AIScreenCapture.sln]
  All projects are up-to-date for restore.
  AIScreenCapture.Core -> H:\hacker\AISC\src\AIScreenCapture.Core\bin\Debug\net9.0\AIScreenCapture.Core.dll
H:\hacker\AISC\src\AIScreenCapture.UI\AIScreenCapture.UI.csproj : warning NU1701: Package 'H.NotifyIcon.Wpf 2.4.1' was restored using '.NETFramework,Version=v4.6.1, .NETFramework,Version=v4.6.2, .NETFramework,Version=v4.7, .NETFramework,Version=v4.7.1, .NETFramework,Version=v4.7.2, .NETFramework,Version=v4.8, .NETFramework,Version=v4.8.1' instead of the project target framework 'net8.0-windows7.0'. This package may not be fully compatible with your project.
H:\hacker\AISC\src\AIScreenCapture.UI\AIScreenCapture.UI_0xl0muin_wpftmp.csproj : warning NU1701: Package 'H.NotifyIcon.Wpf 2.4.1' was restored using '.NETFramework,Version=v4.6.1, .NETFramework,Version=v4.6.2, .NETFramework,Version=v4.7, .NETFramework,Version=v4.7.1, .NETFramework,Version=v4.7.2, .NETFramework,Version=v4.8, .NETFramework,Version=v4.8.1' instead of the project target framework 'net8.0-windows7.0'. This package may not be fully compatible with your project.
H:\hacker\AISC\src\AIScreenCapture.UI\ViewModels\ConfigViewModel.cs(1,23): error CS0234: The type or namespace name 'Core' does not exist in the namespace 'AIScreenCapture' (are you missing an assembly reference?) [H:\hacker\AISC\src\AIScreenCapture.UI\AIScreenCapture.UI_0xl0muin_wpftmp.csproj]
H:\hacker\AISC\src\AIScreenCapture.UI\ViewModels\ConfigViewModel.cs(2,23): error CS0234: The type or namespace name 'Core' does not exist in the namespace 'AIScreenCapture' (are you missing an assembly reference?) [H:\hacker\AISC\src\AIScreenCapture.UI\AIScreenCapture.UI_0xl0muin_wpftmp.csproj]
H:\hacker\AISC\src\AIScreenCapture.UI\ViewModels\ConfigViewModel.cs(23,33): error CS0246: The type or namespace name 'AIPreset' could not be found (are you missing a using directive or an assembly reference?) [H:\hacker\AISC\src\AIScreenCapture.UI\AIScreenCapture.UI_0xl0muin_wpftmp.csproj]
H:\hacker\AISC\src\AIScreenCapture.UI\ViewModels\ConfigViewModel.cs(25,28): error CS0234: The type or namespace name 'Core' does not exist in the namespace 'AIScreenCapture' (are you missing an assembly reference?) [H:\hacker\AISC\src\AIScreenCapture.UI\AIScreenCapture.UI_0xl0muin_wpftmp.csproj]
H:\hacker\AISC\src\AIScreenCapture.UI\ViewModels\ConfigViewModel.cs(71,31): error CS0246: The type or namespace name 'AIPreset' could not be found (are you missing a using directive or an assembly reference?) [H:\hacker\AISC\src\AIScreenCapture.UI\AIScreenCapture.UI_0xl0muin_wpftmp.csproj]
H:\hacker\AISC\src\AIScreenCapture.UI\obj\Debug\net8.0-windows\CommunityToolkit.Mvvm.SourceGenerators\CommunityToolkit.Mvvm.SourceGenerators.RelayCommandGenerator\AIScreenCapture.UI.ViewModels.ConfigViewModel.RemovePreset.g.cs(15,66): error CS0246: The type or namespace name 'AIPreset' could not be found (are you missing a using directive or an assembly reference?) [H:\hacker\AISC\src\AIScreenCapture.UI\AIScreenCapture.UI_0xl0muin_wpftmp.csproj]
H:\hacker\AISC\src\AIScreenCapture.UI\ViewModels\ConfigViewModel.cs(11,22): error CS0246: The type or namespace name 'SettingsManager' could not be found (are you missing a using directive or an assembly reference?) [H:\hacker\AISC\src\AIScreenCapture.UI\AIScreenCapture.UI_0xl0muin_wpftmp.csproj]
H:\hacker\AISC\src\AIScreenCapture.UI\ViewModels\ConfigViewModel.cs(12,13): error CS0246: The type or namespace name 'AppSettings' could not be found (are you missing a using directive or an assembly reference?) [H:\hacker\AISC\src\AIScreenCapture.UI\AIScreenCapture.UI_0xl0muin_wpftmp.csproj]
H:\hacker\AISC\src\AIScreenCapture.UI\obj\Debug\net8.0-windows\CommunityToolkit.Mvvm.SourceGenerators\CommunityToolkit.Mvvm.SourceGenerators.RelayCommandGenerator\AIScreenCapture.UI.ViewModels.ConfigViewModel.RemovePreset.g.cs(11,66): error CS0246: The type or namespace name 'AIPreset' could not be found (are you missing a using directive or an assembly reference?) [H:\hacker\AISC\src\AIScreenCapture.UI\AIScreenCapture.UI_0xl0muin_wpftmp.csproj]

Build FAILED.

H:\hacker\AISC\src\AIScreenCapture.UI\AIScreenCapture.UI.csproj : warning NU1701: Package 'H.NotifyIcon.Wpf 2.4.1' was restored using '.NETFramework,Version=v4.6.1, .NETFramework,Version=v4.6.2, .NETFramework,Version=v4.7, .NETFramework,Version=v4.7.1, .NETFramework,Version=v4.7.2, .NETFramework,Version=v4.8, .NETFramework,Version=v4.8.1' instead of the project target framework 'net8.0-windows7.0'. This package may not be fully compatible with your project. [H:\hacker\AISC\src\AIScreenCapture.sln]
H:\hacker\AISC\src\AIScreenCapture.UI\AIScreenCapture.UI.csproj : warning NU1701: Package 'H.NotifyIcon.Wpf 2.4.1' was restored using '.NETFramework,Version=v4.6.1, .NETFramework,Version=v4.6.2, .NETFramework,Version=v4.7, .NETFramework,Version=v4.7.1, .NETFramework,Version=v4.7.2, .NETFramework,Version=v4.8, .NETFramework,Version=v4.8.1' instead of the project target framework 'net8.0-windows7.0'. This package may not be fully compatible with your project.
H:\hacker\AISC\src\AIScreenCapture.UI\AIScreenCapture.UI_0xl0muin_wpftmp.csproj : warning NU1701: Package 'H.NotifyIcon.Wpf 2.4.1' was restored using '.NETFramework,Version=v4.6.1, .NETFramework,Version=v4.6.2, .NETFramework,Version=v4.7, .NETFramework,Version=v4.7.1, .NETFramework,Version=v4.7.2, .NETFramework,Version=v4.8, .NETFramework,Version=v4.8.1' instead of the project target framework 'net8.0-windows7.0'. This package may not be fully compatible with your project.
H:\hacker\AISC\src\AIScreenCapture.UI\ViewModels\ConfigViewModel.cs(1,23): error CS0234: The type or namespace name 'Core' does not exist in the namespace 'AIScreenCapture' (are you missing an assembly reference?) [H:\hacker\AISC\src\AIScreenCapture.UI\AIScreenCapture.UI_0xl0muin_wpftmp.csproj]
H:\hacker\AISC\src\AIScreenCapture.UI\ViewModels\ConfigViewModel.cs(2,23): error CS0234: The type or namespace name 'Core' does not exist in the namespace 'AIScreenCapture' (are you missing an assembly reference?) [H:\hacker\AISC\src\AIScreenCapture.UI\AIScreenCapture.UI_0xl0muin_wpftmp.csproj]
H:\hacker\AISC\src\AIScreenCapture.UI\ViewModels\ConfigViewModel.cs(23,33): error CS0246: The type or namespace name 'AIPreset' could not be found (are you missing a using directive or an assembly reference?) [H:\hacker\AISC\src\AIScreenCapture.UI\AIScreenCapture.UI_0xl0muin_wpftmp.csproj]
H:\hacker\AISC\src\AIScreenCapture.UI\ViewModels\ConfigViewModel.cs(25,28): error CS0234: The type or namespace name 'Core' does not exist in the namespace 'AIScreenCapture' (are you missing an assembly reference?) [H:\hacker\AISC\src\AIScreenCapture.UI\AIScreenCapture.UI_0xl0muin_wpftmp.csproj]
H:\hacker\AISC\src\AIScreenCapture.UI\ViewModels\ConfigViewModel.cs(71,31): error CS0246: The type or namespace name 'AIPreset' could not be found (are you missing a using directive or an assembly reference?) [H:\hacker\AISC\src\AIScreenCapture.UI\AIScreenCapture.UI_0xl0muin_wpftmp.csproj]
H:\hacker\AISC\src\AIScreenCapture.UI\obj\Debug\net8.0-windows\CommunityToolkit.Mvvm.SourceGenerators\CommunityToolkit.Mvvm.SourceGenerators.RelayCommandGenerator\AIScreenCapture.UI.ViewModels.ConfigViewModel.RemovePreset.g.cs(15,66): error CS0246: The type or namespace name 'AIPreset' could not be found (are you missing a using directive or an assembly reference?) [H:\hacker\AISC\src\AIScreenCapture.UI\AIScreenCapture.UI_0xl0muin_wpftmp.csproj]
H:\hacker\AISC\src\AIScreenCapture.UI\ViewModels\ConfigViewModel.cs(11,22): error CS0246: The type or namespace name 'SettingsManager' could not be found (are you missing a using directive or an assembly reference?) [H:\hacker\AISC\src\AIScreenCapture.UI\AIScreenCapture.UI_0xl0muin_wpftmp.csproj]
H:\hacker\AISC\src\AIScreenCapture.UI\ViewModels\ConfigViewModel.cs(12,13): error CS0246: The type or namespace name 'AppSettings' could not be found (are you missing a using directive or an assembly reference?) [H:\hacker\AISC\src\AIScreenCapture.UI\AIScreenCapture.UI_0xl0muin_wpftmp.csproj]
H:\hacker\AISC\src\AIScreenCapture.UI\obj\Debug\net8.0-windows\CommunityToolkit.Mvvm.SourceGenerators\CommunityToolkit.Mvvm.SourceGenerators.RelayCommandGenerator\AIScreenCapture.UI.ViewModels.ConfigViewModel.RemovePreset.g.cs(11,66): error CS0246: The type or namespace name 'AIPreset' could not be found (are you missing a using directive or an assembly reference?) [H:\hacker\AISC\src\AIScreenCapture.UI\AIScreenCapture.UI_0xl0muin_wpftmp.csproj]
    3 Warning(s)
    9 Error(s)

Time Elapsed 00:00:01.02
